15:26:01 **** Incremental Build of configuration Debug for project cv6 ****
make -j8 all 
arm-none-eabi-gcc "../Core/Src/main.c" -mcpu=cortex-m0 -std=gnu11 -g3 -DUSE_HAL_DRIVER -DSTM32F030x8 -DDEBUG -c -I../Drivers/STM32F0xx_HAL_Driver/Inc -I../Drivers/CMSIS/Include -I../Core/Inc -I../Drivers/STM32F0xx_HAL_Driver/Inc/Legacy -I../Drivers/CMSIS/Device/ST/STM32F0xx/Include -O0 -ffunction-sections -fdata-sections -Wall -fstack-usage -MMD -MP -MF"Core/Src/main.d" -MT"Core/Src/main.o" --specs=nano.specs -mfloat-abi=soft -mthumb -o "Core/Src/main.o"
arm-none-eabi-gcc -o "cv6.elf" @"objects.list"   -mcpu=cortex-m0 -T"C:\Users\nxf46245\Documents\MMIA\cv6\STM32F030R8TX_FLASH.ld" --specs=nosys.specs -Wl,-Map="cv6.map" -Wl,--gc-sections -static --specs=nano.specs -mfloat-abi=soft -mthumb -Wl,--start-group -lc -lm -Wl,--end-group
Finished building target: cv6.elf
 
arm-none-eabi-objdump -h -S  cv6.elf  > "cv6.list"
arm-none-eabi-objcopy  -O binary  cv6.elf  "cv6.bin"
arm-none-eabi-size   cv6.elf 
   text	   data	    bss	    dec	    hex	filename
  13880	     20	   1764	  15664	   3d30	cv6.elf
Finished building: default.size.stdout
Finished building: cv6.bin
 
Finished building: cv6.list
 
 

15:26:04 Build Finished. 0 errors, 0 warnings. (took 3s.636ms)

